// Jest Snapshot v1, https://goo.gl/fbAQLP

exports[`Components SchemaView discriminator should correctly render SchemaView 1`] = `
<wrappedComponent
  discriminator={
    Object {
      "fieldName": "type",
      "parentSchema": SchemaModel {
        "activeOneOf": 0,
        "const": "",
        "constraints": Array [],
        "contentEncoding": undefined,
        "contentMediaType": undefined,
        "default": undefined,
        "deprecated": false,
        "description": "",
        "discriminatorProp": "type",
        "displayFormat": undefined,
        "displayType": "object",
        "enum": Array [],
        "example": undefined,
        "externalDocs": undefined,
        "format": undefined,
        "isCircular": undefined,
        "isPrimitive": false,
        "maxItems": undefined,
        "minItems": undefined,
        "oneOf": Array [
          SchemaModel {
            "activeOneOf": 0,
            "const": "",
            "constraints": Array [],
            "contentEncoding": undefined,
            "contentMediaType": undefined,
            "default": undefined,
            "deprecated": false,
            "description": "",
            "displayFormat": undefined,
            "displayType": "object",
            "enum": Array [],
            "example": undefined,
            "externalDocs": undefined,
            "fields": Array [
              FieldModel {
                "const": "",
                "deprecated": false,
                "description": "",
                "example": undefined,
                "expanded": undefined,
                "explode": false,
                "in": undefined,
                "kind": "field",
                "name": "packSize",
                "required": false,
                "schema": SchemaModel {
                  "activeOneOf": 0,
                  "const": "",
                  "constraints": Array [],
                  "contentEncoding": undefined,
                  "contentMediaType": undefined,
                  "default": undefined,
                  "deprecated": false,
                  "description": "",
                  "displayFormat": undefined,
                  "displayType": "number",
                  "enum": Array [],
                  "example": undefined,
                  "externalDocs": undefined,
                  "format": undefined,
                  "isCircular": undefined,
                  "isPrimitive": true,
                  "maxItems": undefined,
                  "minItems": undefined,
                  "options": RedocNormalizedOptions {
                    "allowedMdComponents": Object {},
                    "disableSearch": false,
                    "enumSkipQuotes": false,
                    "expandDefaultServerVariables": false,
                    "expandResponses": Object {},
                    "expandSingleSchemaField": false,
                    "generatedPayloadSamplesMaxDepth": 10,
                    "hideDownloadButton": false,
                    "hideHostname": false,
                    "hideSchemaPattern": false,
                    "hideSchemaTitles": false,
                    "hideSingleRequestSampleTab": false,
                    "ignoreNamedSchemas": Set {},
                    "jsonSampleExpandLevel": 2,
                    "maxDisplayedEnumValues": undefined,
                    "menuToggle": true,
                    "nativeScrollbars": false,
                    "noAutoAuth": false,
                    "onlyRequiredInSamples": false,
                    "pathInMiddlePanel": false,
                    "payloadSampleIdx": 0,
                    "requiredPropsFirst": false,
                    "schemaExpansionLevel": 0,
                    "scrollYOffset": [Function],
                    "showExtensions": false,
                    "showObjectSchemaExamples": false,
                    "sideNavStyle": "summary-only",
                    "simpleOneOfTypeLabel": false,
                    "sortEnumValuesAlphabetically": false,
                    "sortOperationsAlphabetically": false,
                    "sortPropsAlphabetically": false,
                    "sortTagsAlphabetically": false,
                    "theme": Object {
                      "breakpoints": Object {
                        "large": "105rem",
                        "medium": "85rem",
                        "small": "50rem",
                      },
                      "codeBlock": Object {
                        "backgroundColor": "#e6e6e6",
                      },
                      "colors": Object {
                        "border": Object {
                          "dark": "rgba(0,0,0, 0.1)",
                          "light": "#ffffff",
                        },
                        "error": Object {
                          "contrastText": "#fff",
                          "dark": "#590e0a",
                          "light": "#f4a5a1",
                          "main": "#E2231A",
                        },
                        "gray": Object {
                          "100": "#9E9EA2",
                          "50": "#DFDFDF",
                        },
                        "http": Object {
                          "basic": "#999",
                          "delete": "#FCE2DE",
                          "get": "#D9E7FF",
                          "head": "#d4ace3",
                          "link": "#a9dbd9",
                          "options": "#e8e5ac",
                          "patch": "#fcc59a",
                          "post": "#D1F5BF",
                          "put": "#F7ECB2",
                        },
                        "primary": Object {
                          "contrastText": "#fff",
                          "dark": "#000",
                          "light": "#838585",
                          "main": "#373838",
                        },
                        "responses": Object {
                          "error": Object {
                            "backgroundColor": "rgba(226,35,26,0.07)",
                            "color": "#E2231A",
                          },
                          "info": Object {
                            "backgroundColor": "rgba(135,206,235,0.1)",
                            "color": "#87ceeb",
                          },
                          "redirect": Object {
                            "backgroundColor": "rgba(255,204,0,0.1)",
                            "color": "#FFCC00",
                          },
                          "success": Object {
                            "backgroundColor": "rgba(69,153,31,0.07)",
                            "color": "#45991F",
                          },
                        },
                        "success": Object {
                          "contrastText": "#000",
                          "dark": "#0c1a05",
                          "light": "#f2fcee",
                          "main": "#45991F",
                        },
                        "text": Object {
                          "primary": "#626469",
                          "secondary": "#707070",
                        },
                        "tonalOffset": 0.3,
                        "warning": Object {
                          "contrastText": "#ffffff",
                          "dark": "#665200",
                          "light": "#ffeb99",
                          "main": "#FFCC00",
                        },
                      },
                      "extensionsHook": undefined,
                      "logo": Object {
                        "gutter": "2px",
                        "maxHeight": "280px",
                        "maxWidth": "280px",
                      },
                      "rightPanel": Object {
                        "backgroundColor": "#FFFFFF",
                        "border": "#FFFFFF",
                        "textColor": "#373838",
                        "width": "43.75%",
                      },
                      "schema": Object {
                        "arrow": Object {
                          "color": "#707070",
                          "size": "1.1em",
                        },
                        "defaultDetailsWidth": "75%",
                        "labelsTextSize": "0.9em",
                        "linesColor": "#707070",
                        "nestedBackground": "#fafafa",
                        "nestingSpacing": "1em",
                        "requireLabelColor": "#326CD1",
                        "requireLabelTextSize": "14px",
                        "typeNameColor": "#707070",
                        "typeTitleColor": "#707070",
                      },
                      "sidebar": Object {
                        "activeBackgroundColor": "#ececec",
                        "activeTextColor": "#4e4e4e",
                        "arrow": Object {
                          "color": "#757575",
                          "size": "1.5em",
                        },
                        "backgroundColor": "#f7f7f7",
                        "groupItems": Object {
                          "textTransform": "uppercase",
                        },
                        "level1Items": Object {
                          "textTransform": "none",
                        },
                        "textColor": "#757575",
                        "width": "280px",
                      },
                      "spacing": Object {
                        "sectionHorizontal": 24,
                        "sectionVertical": 12,
                        "unit": 3,
                      },
                      "typography": Object {
                        "code": Object {
                          "backgroundColor": "#F2F2F2",
                          "color": "#373838",
                          "fontFamily": "Inter",
                          "fontSize": "13px",
                          "fontWeight": "400",
                          "lineHeight": "1.5em",
                          "wrap": true,
                        },
                        "fontFamily": "Inter",
                        "fontSize": "14px",
                        "fontWeightBold": "600",
                        "fontWeightLight": "300",
                        "fontWeightRegular": "400",
                        "headings": Object {
                          "fontFamily": "Roboto",
                          "fontWeight": "400",
                          "lineHeight": "1.6em",
                        },
                        "lineHeight": "1.5em",
                        "links": Object {
                          "color": "#373838",
                          "hover": "#6a6b6b",
                          "visited": "#373838",
                        },
                        "optimizeSpeed": true,
                        "smoothing": "antialiased",
                      },
                    },
                    "unstable_ignoreMimeParameters": false,
                    "untrustedSpec": false,
                  },
                  "pattern": undefined,
                  "pointer": "#/components/schemas/Dog/properties/packSize",
                  "rawSchema": Object {
                    "default": undefined,
                    "type": "number",
                  },
                  "readOnly": false,
                  "schema": Object {
                    "default": undefined,
                    "type": "number",
                  },
                  "title": "",
                  "type": "number",
                  "typePrefix": "",
                  "writeOnly": false,
                },
              },
              FieldModel {
                "const": "",
                "deprecated": false,
                "description": "",
                "example": undefined,
                "expanded": undefined,
                "explode": false,
                "in": undefined,
                "kind": "field",
                "name": "type",
                "required": true,
                "schema": SchemaModel {
                  "activeOneOf": 0,
                  "const": "",
                  "constraints": Array [],
                  "contentEncoding": undefined,
                  "contentMediaType": undefined,
                  "default": undefined,
                  "deprecated": false,
                  "description": "",
                  "displayFormat": undefined,
                  "displayType": "string",
                  "enum": Array [],
                  "example": undefined,
                  "externalDocs": undefined,
                  "format": undefined,
                  "isCircular": undefined,
                  "isPrimitive": true,
                  "maxItems": undefined,
                  "minItems": undefined,
                  "options": RedocNormalizedOptions {
                    "allowedMdComponents": Object {},
                    "disableSearch": false,
                    "enumSkipQuotes": false,
                    "expandDefaultServerVariables": false,
                    "expandResponses": Object {},
                    "expandSingleSchemaField": false,
                    "generatedPayloadSamplesMaxDepth": 10,
                    "hideDownloadButton": false,
                    "hideHostname": false,
                    "hideSchemaPattern": false,
                    "hideSchemaTitles": false,
                    "hideSingleRequestSampleTab": false,
                    "ignoreNamedSchemas": Set {},
                    "jsonSampleExpandLevel": 2,
                    "maxDisplayedEnumValues": undefined,
                    "menuToggle": true,
                    "nativeScrollbars": false,
                    "noAutoAuth": false,
                    "onlyRequiredInSamples": false,
                    "pathInMiddlePanel": false,
                    "payloadSampleIdx": 0,
                    "requiredPropsFirst": false,
                    "schemaExpansionLevel": 0,
                    "scrollYOffset": [Function],
                    "showExtensions": false,
                    "showObjectSchemaExamples": false,
                    "sideNavStyle": "summary-only",
                    "simpleOneOfTypeLabel": false,
                    "sortEnumValuesAlphabetically": false,
                    "sortOperationsAlphabetically": false,
                    "sortPropsAlphabetically": false,
                    "sortTagsAlphabetically": false,
                    "theme": Object {
                      "breakpoints": Object {
                        "large": "105rem",
                        "medium": "85rem",
                        "small": "50rem",
                      },
                      "codeBlock": Object {
                        "backgroundColor": "#e6e6e6",
                      },
                      "colors": Object {
                        "border": Object {
                          "dark": "rgba(0,0,0, 0.1)",
                          "light": "#ffffff",
                        },
                        "error": Object {
                          "contrastText": "#fff",
                          "dark": "#590e0a",
                          "light": "#f4a5a1",
                          "main": "#E2231A",
                        },
                        "gray": Object {
                          "100": "#9E9EA2",
                          "50": "#DFDFDF",
                        },
                        "http": Object {
                          "basic": "#999",
                          "delete": "#FCE2DE",
                          "get": "#D9E7FF",
                          "head": "#d4ace3",
                          "link": "#a9dbd9",
                          "options": "#e8e5ac",
                          "patch": "#fcc59a",
                          "post": "#D1F5BF",
                          "put": "#F7ECB2",
                        },
                        "primary": Object {
                          "contrastText": "#fff",
                          "dark": "#000",
                          "light": "#838585",
                          "main": "#373838",
                        },
                        "responses": Object {
                          "error": Object {
                            "backgroundColor": "rgba(226,35,26,0.07)",
                            "color": "#E2231A",
                          },
                          "info": Object {
                            "backgroundColor": "rgba(135,206,235,0.1)",
                            "color": "#87ceeb",
                          },
                          "redirect": Object {
                            "backgroundColor": "rgba(255,204,0,0.1)",
                            "color": "#FFCC00",
                          },
                          "success": Object {
                            "backgroundColor": "rgba(69,153,31,0.07)",
                            "color": "#45991F",
                          },
                        },
                        "success": Object {
                          "contrastText": "#000",
                          "dark": "#0c1a05",
                          "light": "#f2fcee",
                          "main": "#45991F",
                        },
                        "text": Object {
                          "primary": "#626469",
                          "secondary": "#707070",
                        },
                        "tonalOffset": 0.3,
                        "warning": Object {
                          "contrastText": "#ffffff",
                          "dark": "#665200",
                          "light": "#ffeb99",
                          "main": "#FFCC00",
                        },
                      },
                      "extensionsHook": undefined,
                      "logo": Object {
                        "gutter": "2px",
                        "maxHeight": "280px",
                        "maxWidth": "280px",
                      },
                      "rightPanel": Object {
                        "backgroundColor": "#FFFFFF",
                        "border": "#FFFFFF",
                        "textColor": "#373838",
                        "width": "43.75%",
                      },
                      "schema": Object {
                        "arrow": Object {
                          "color": "#707070",
                          "size": "1.1em",
                        },
                        "defaultDetailsWidth": "75%",
                        "labelsTextSize": "0.9em",
                        "linesColor": "#707070",
                        "nestedBackground": "#fafafa",
                        "nestingSpacing": "1em",
                        "requireLabelColor": "#326CD1",
                        "requireLabelTextSize": "14px",
                        "typeNameColor": "#707070",
                        "typeTitleColor": "#707070",
                      },
                      "sidebar": Object {
                        "activeBackgroundColor": "#ececec",
                        "activeTextColor": "#4e4e4e",
                        "arrow": Object {
                          "color": "#757575",
                          "size": "1.5em",
                        },
                        "backgroundColor": "#f7f7f7",
                        "groupItems": Object {
                          "textTransform": "uppercase",
                        },
                        "level1Items": Object {
                          "textTransform": "none",
                        },
                        "textColor": "#757575",
                        "width": "280px",
                      },
                      "spacing": Object {
                        "sectionHorizontal": 24,
                        "sectionVertical": 12,
                        "unit": 3,
                      },
                      "typography": Object {
                        "code": Object {
                          "backgroundColor": "#F2F2F2",
                          "color": "#373838",
                          "fontFamily": "Inter",
                          "fontSize": "13px",
                          "fontWeight": "400",
                          "lineHeight": "1.5em",
                          "wrap": true,
                        },
                        "fontFamily": "Inter",
                        "fontSize": "14px",
                        "fontWeightBold": "600",
                        "fontWeightLight": "300",
                        "fontWeightRegular": "400",
                        "headings": Object {
                          "fontFamily": "Roboto",
                          "fontWeight": "400",
                          "lineHeight": "1.6em",
                        },
                        "lineHeight": "1.5em",
                        "links": Object {
                          "color": "#373838",
                          "hover": "#6a6b6b",
                          "visited": "#373838",
                        },
                        "optimizeSpeed": true,
                        "smoothing": "antialiased",
                      },
                    },
                    "unstable_ignoreMimeParameters": false,
                    "untrustedSpec": false,
                  },
                  "pattern": undefined,
                  "pointer": "#/components/schemas/Dog/properties/type",
                  "rawSchema": Object {
                    "default": undefined,
                    "type": "string",
                  },
                  "readOnly": false,
                  "schema": Object {
                    "default": undefined,
                    "type": "string",
                  },
                  "title": "",
                  "type": "string",
                  "typePrefix": "",
                  "writeOnly": false,
                },
              },
            ],
            "format": undefined,
            "isCircular": undefined,
            "isPrimitive": false,
            "maxItems": undefined,
            "minItems": undefined,
            "options": RedocNormalizedOptions {
              "allowedMdComponents": Object {},
              "disableSearch": false,
              "enumSkipQuotes": false,
              "expandDefaultServerVariables": false,
              "expandResponses": Object {},
              "expandSingleSchemaField": false,
              "generatedPayloadSamplesMaxDepth": 10,
              "hideDownloadButton": false,
              "hideHostname": false,
              "hideSchemaPattern": false,
              "hideSchemaTitles": false,
              "hideSingleRequestSampleTab": false,
              "ignoreNamedSchemas": Set {},
              "jsonSampleExpandLevel": 2,
              "maxDisplayedEnumValues": undefined,
              "menuToggle": true,
              "nativeScrollbars": false,
              "noAutoAuth": false,
              "onlyRequiredInSamples": false,
              "pathInMiddlePanel": false,
              "payloadSampleIdx": 0,
              "requiredPropsFirst": false,
              "schemaExpansionLevel": 0,
              "scrollYOffset": [Function],
              "showExtensions": false,
              "showObjectSchemaExamples": false,
              "sideNavStyle": "summary-only",
              "simpleOneOfTypeLabel": false,
              "sortEnumValuesAlphabetically": false,
              "sortOperationsAlphabetically": false,
              "sortPropsAlphabetically": false,
              "sortTagsAlphabetically": false,
              "theme": Object {
                "breakpoints": Object {
                  "large": "105rem",
                  "medium": "85rem",
                  "small": "50rem",
                },
                "codeBlock": Object {
                  "backgroundColor": "#e6e6e6",
                },
                "colors": Object {
                  "border": Object {
                    "dark": "rgba(0,0,0, 0.1)",
                    "light": "#ffffff",
                  },
                  "error": Object {
                    "contrastText": "#fff",
                    "dark": "#590e0a",
                    "light": "#f4a5a1",
                    "main": "#E2231A",
                  },
                  "gray": Object {
                    "100": "#9E9EA2",
                    "50": "#DFDFDF",
                  },
                  "http": Object {
                    "basic": "#999",
                    "delete": "#FCE2DE",
                    "get": "#D9E7FF",
                    "head": "#d4ace3",
                    "link": "#a9dbd9",
                    "options": "#e8e5ac",
                    "patch": "#fcc59a",
                    "post": "#D1F5BF",
                    "put": "#F7ECB2",
                  },
                  "primary": Object {
                    "contrastText": "#fff",
                    "dark": "#000",
                    "light": "#838585",
                    "main": "#373838",
                  },
                  "responses": Object {
                    "error": Object {
                      "backgroundColor": "rgba(226,35,26,0.07)",
                      "color": "#E2231A",
                    },
                    "info": Object {
                      "backgroundColor": "rgba(135,206,235,0.1)",
                      "color": "#87ceeb",
                    },
                    "redirect": Object {
                      "backgroundColor": "rgba(255,204,0,0.1)",
                      "color": "#FFCC00",
                    },
                    "success": Object {
                      "backgroundColor": "rgba(69,153,31,0.07)",
                      "color": "#45991F",
                    },
                  },
                  "success": Object {
                    "contrastText": "#000",
                    "dark": "#0c1a05",
                    "light": "#f2fcee",
                    "main": "#45991F",
                  },
                  "text": Object {
                    "primary": "#626469",
                    "secondary": "#707070",
                  },
                  "tonalOffset": 0.3,
                  "warning": Object {
                    "contrastText": "#ffffff",
                    "dark": "#665200",
                    "light": "#ffeb99",
                    "main": "#FFCC00",
                  },
                },
                "extensionsHook": undefined,
                "logo": Object {
                  "gutter": "2px",
                  "maxHeight": "280px",
                  "maxWidth": "280px",
                },
                "rightPanel": Object {
                  "backgroundColor": "#FFFFFF",
                  "border": "#FFFFFF",
                  "textColor": "#373838",
                  "width": "43.75%",
                },
                "schema": Object {
                  "arrow": Object {
                    "color": "#707070",
                    "size": "1.1em",
                  },
                  "defaultDetailsWidth": "75%",
                  "labelsTextSize": "0.9em",
                  "linesColor": "#707070",
                  "nestedBackground": "#fafafa",
                  "nestingSpacing": "1em",
                  "requireLabelColor": "#326CD1",
                  "requireLabelTextSize": "14px",
                  "typeNameColor": "#707070",
                  "typeTitleColor": "#707070",
                },
                "sidebar": Object {
                  "activeBackgroundColor": "#ececec",
                  "activeTextColor": "#4e4e4e",
                  "arrow": Object {
                    "color": "#757575",
                    "size": "1.5em",
                  },
                  "backgroundColor": "#f7f7f7",
                  "groupItems": Object {
                    "textTransform": "uppercase",
                  },
                  "level1Items": Object {
                    "textTransform": "none",
                  },
                  "textColor": "#757575",
                  "width": "280px",
                },
                "spacing": Object {
                  "sectionHorizontal": 24,
                  "sectionVertical": 12,
                  "unit": 3,
                },
                "typography": Object {
                  "code": Object {
                    "backgroundColor": "#F2F2F2",
                    "color": "#373838",
                    "fontFamily": "Inter",
                    "fontSize": "13px",
                    "fontWeight": "400",
                    "lineHeight": "1.5em",
                    "wrap": true,
                  },
                  "fontFamily": "Inter",
                  "fontSize": "14px",
                  "fontWeightBold": "600",
                  "fontWeightLight": "300",
                  "fontWeightRegular": "400",
                  "headings": Object {
                    "fontFamily": "Roboto",
                    "fontWeight": "400",
                    "lineHeight": "1.6em",
                  },
                  "lineHeight": "1.5em",
                  "links": Object {
                    "color": "#373838",
                    "hover": "#6a6b6b",
                    "visited": "#373838",
                  },
                  "optimizeSpeed": true,
                  "smoothing": "antialiased",
                },
              },
              "unstable_ignoreMimeParameters": false,
              "untrustedSpec": false,
            },
            "pattern": undefined,
            "pointer": "#/components/schemas/Dog",
            "rawSchema": Object {
              "allOf": Array [
                Object {
                  "$ref": "#/components/schemas/Pet",
                },
              ],
              "properties": Object {
                "packSize": Object {
                  "type": "number",
                },
              },
              "type": "object",
            },
            "readOnly": false,
            "schema": Object {
              "allOf": undefined,
              "discriminator": Object {
                "propertyName": "type",
              },
              "parentRefs": Array [
                "#/components/schemas/Pet",
              ],
              "properties": Object {
                "packSize": Object {
                  "type": "number",
                },
                "type": Object {
                  "type": "string",
                },
              },
              "required": Array [
                "type",
              ],
              "title": "Dog",
              "type": "object",
            },
            "title": "Dog",
            "type": "object",
            "typePrefix": "",
            "writeOnly": false,
          },
          SchemaModel {
            "activeOneOf": 0,
            "const": "",
            "constraints": Array [],
            "contentEncoding": undefined,
            "contentMediaType": undefined,
            "default": undefined,
            "deprecated": false,
            "description": "",
            "displayFormat": undefined,
            "displayType": "object",
            "enum": Array [],
            "example": undefined,
            "externalDocs": undefined,
            "fields": Array [
              FieldModel {
                "const": "",
                "deprecated": false,
                "description": "",
                "example": undefined,
                "expanded": undefined,
                "explode": false,
                "in": undefined,
                "kind": "field",
                "name": "type",
                "required": true,
                "schema": SchemaModel {
                  "activeOneOf": 0,
                  "const": "",
                  "constraints": Array [],
                  "contentEncoding": undefined,
                  "contentMediaType": undefined,
                  "default": undefined,
                  "deprecated": false,
                  "description": "",
                  "displayFormat": undefined,
                  "displayType": "string",
                  "enum": Array [],
                  "example": undefined,
                  "externalDocs": undefined,
                  "format": undefined,
                  "isCircular": undefined,
                  "isPrimitive": true,
                  "maxItems": undefined,
                  "minItems": undefined,
                  "options": RedocNormalizedOptions {
                    "allowedMdComponents": Object {},
                    "disableSearch": false,
                    "enumSkipQuotes": false,
                    "expandDefaultServerVariables": false,
                    "expandResponses": Object {},
                    "expandSingleSchemaField": false,
                    "generatedPayloadSamplesMaxDepth": 10,
                    "hideDownloadButton": false,
                    "hideHostname": false,
                    "hideSchemaPattern": false,
                    "hideSchemaTitles": false,
                    "hideSingleRequestSampleTab": false,
                    "ignoreNamedSchemas": Set {},
                    "jsonSampleExpandLevel": 2,
                    "maxDisplayedEnumValues": undefined,
                    "menuToggle": true,
                    "nativeScrollbars": false,
                    "noAutoAuth": false,
                    "onlyRequiredInSamples": false,
                    "pathInMiddlePanel": false,
                    "payloadSampleIdx": 0,
                    "requiredPropsFirst": false,
                    "schemaExpansionLevel": 0,
                    "scrollYOffset": [Function],
                    "showExtensions": false,
                    "showObjectSchemaExamples": false,
                    "sideNavStyle": "summary-only",
                    "simpleOneOfTypeLabel": false,
                    "sortEnumValuesAlphabetically": false,
                    "sortOperationsAlphabetically": false,
                    "sortPropsAlphabetically": false,
                    "sortTagsAlphabetically": false,
                    "theme": Object {
                      "breakpoints": Object {
                        "large": "105rem",
                        "medium": "85rem",
                        "small": "50rem",
                      },
                      "codeBlock": Object {
                        "backgroundColor": "#e6e6e6",
                      },
                      "colors": Object {
                        "border": Object {
                          "dark": "rgba(0,0,0, 0.1)",
                          "light": "#ffffff",
                        },
                        "error": Object {
                          "contrastText": "#fff",
                          "dark": "#590e0a",
                          "light": "#f4a5a1",
                          "main": "#E2231A",
                        },
                        "gray": Object {
                          "100": "#9E9EA2",
                          "50": "#DFDFDF",
                        },
                        "http": Object {
                          "basic": "#999",
                          "delete": "#FCE2DE",
                          "get": "#D9E7FF",
                          "head": "#d4ace3",
                          "link": "#a9dbd9",
                          "options": "#e8e5ac",
                          "patch": "#fcc59a",
                          "post": "#D1F5BF",
                          "put": "#F7ECB2",
                        },
                        "primary": Object {
                          "contrastText": "#fff",
                          "dark": "#000",
                          "light": "#838585",
                          "main": "#373838",
                        },
                        "responses": Object {
                          "error": Object {
                            "backgroundColor": "rgba(226,35,26,0.07)",
                            "color": "#E2231A",
                          },
                          "info": Object {
                            "backgroundColor": "rgba(135,206,235,0.1)",
                            "color": "#87ceeb",
                          },
                          "redirect": Object {
                            "backgroundColor": "rgba(255,204,0,0.1)",
                            "color": "#FFCC00",
                          },
                          "success": Object {
                            "backgroundColor": "rgba(69,153,31,0.07)",
                            "color": "#45991F",
                          },
                        },
                        "success": Object {
                          "contrastText": "#000",
                          "dark": "#0c1a05",
                          "light": "#f2fcee",
                          "main": "#45991F",
                        },
                        "text": Object {
                          "primary": "#626469",
                          "secondary": "#707070",
                        },
                        "tonalOffset": 0.3,
                        "warning": Object {
                          "contrastText": "#ffffff",
                          "dark": "#665200",
                          "light": "#ffeb99",
                          "main": "#FFCC00",
                        },
                      },
                      "extensionsHook": undefined,
                      "logo": Object {
                        "gutter": "2px",
                        "maxHeight": "280px",
                        "maxWidth": "280px",
                      },
                      "rightPanel": Object {
                        "backgroundColor": "#FFFFFF",
                        "border": "#FFFFFF",
                        "textColor": "#373838",
                        "width": "43.75%",
                      },
                      "schema": Object {
                        "arrow": Object {
                          "color": "#707070",
                          "size": "1.1em",
                        },
                        "defaultDetailsWidth": "75%",
                        "labelsTextSize": "0.9em",
                        "linesColor": "#707070",
                        "nestedBackground": "#fafafa",
                        "nestingSpacing": "1em",
                        "requireLabelColor": "#326CD1",
                        "requireLabelTextSize": "14px",
                        "typeNameColor": "#707070",
                        "typeTitleColor": "#707070",
                      },
                      "sidebar": Object {
                        "activeBackgroundColor": "#ececec",
                        "activeTextColor": "#4e4e4e",
                        "arrow": Object {
                          "color": "#757575",
                          "size": "1.5em",
                        },
                        "backgroundColor": "#f7f7f7",
                        "groupItems": Object {
                          "textTransform": "uppercase",
                        },
                        "level1Items": Object {
                          "textTransform": "none",
                        },
                        "textColor": "#757575",
                        "width": "280px",
                      },
                      "spacing": Object {
                        "sectionHorizontal": 24,
                        "sectionVertical": 12,
                        "unit": 3,
                      },
                      "typography": Object {
                        "code": Object {
                          "backgroundColor": "#F2F2F2",
                          "color": "#373838",
                          "fontFamily": "Inter",
                          "fontSize": "13px",
                          "fontWeight": "400",
                          "lineHeight": "1.5em",
                          "wrap": true,
                        },
                        "fontFamily": "Inter",
                        "fontSize": "14px",
                        "fontWeightBold": "600",
                        "fontWeightLight": "300",
                        "fontWeightRegular": "400",
                        "headings": Object {
                          "fontFamily": "Roboto",
                          "fontWeight": "400",
                          "lineHeight": "1.6em",
                        },
                        "lineHeight": "1.5em",
                        "links": Object {
                          "color": "#373838",
                          "hover": "#6a6b6b",
                          "visited": "#373838",
                        },
                        "optimizeSpeed": true,
                        "smoothing": "antialiased",
                      },
                    },
                    "unstable_ignoreMimeParameters": false,
                    "untrustedSpec": false,
                  },
                  "pattern": undefined,
                  "pointer": "#/components/schemas/Cat/properties/type",
                  "rawSchema": Object {
                    "default": undefined,
                    "type": "string",
                  },
                  "readOnly": false,
                  "schema": Object {
                    "default": undefined,
                    "type": "string",
                  },
                  "title": "",
                  "type": "string",
                  "typePrefix": "",
                  "writeOnly": false,
                },
              },
              FieldModel {
                "const": "",
                "deprecated": false,
                "description": "",
                "example": undefined,
                "expanded": undefined,
                "explode": false,
                "in": undefined,
                "kind": "field",
                "name": "packSize",
                "required": false,
                "schema": SchemaModel {
                  "activeOneOf": 0,
                  "const": "",
                  "constraints": Array [],
                  "contentEncoding": undefined,
                  "contentMediaType": undefined,
                  "default": undefined,
                  "deprecated": false,
                  "description": "",
                  "displayFormat": undefined,
                  "displayType": "number",
                  "enum": Array [],
                  "example": undefined,
                  "externalDocs": undefined,
                  "format": undefined,
                  "isCircular": undefined,
                  "isPrimitive": true,
                  "maxItems": undefined,
                  "minItems": undefined,
                  "options": RedocNormalizedOptions {
                    "allowedMdComponents": Object {},
                    "disableSearch": false,
                    "enumSkipQuotes": false,
                    "expandDefaultServerVariables": false,
                    "expandResponses": Object {},
                    "expandSingleSchemaField": false,
                    "generatedPayloadSamplesMaxDepth": 10,
                    "hideDownloadButton": false,
                    "hideHostname": false,
                    "hideSchemaPattern": false,
                    "hideSchemaTitles": false,
                    "hideSingleRequestSampleTab": false,
                    "ignoreNamedSchemas": Set {},
                    "jsonSampleExpandLevel": 2,
                    "maxDisplayedEnumValues": undefined,
                    "menuToggle": true,
                    "nativeScrollbars": false,
                    "noAutoAuth": false,
                    "onlyRequiredInSamples": false,
                    "pathInMiddlePanel": false,
                    "payloadSampleIdx": 0,
                    "requiredPropsFirst": false,
                    "schemaExpansionLevel": 0,
                    "scrollYOffset": [Function],
                    "showExtensions": false,
                    "showObjectSchemaExamples": false,
                    "sideNavStyle": "summary-only",
                    "simpleOneOfTypeLabel": false,
                    "sortEnumValuesAlphabetically": false,
                    "sortOperationsAlphabetically": false,
                    "sortPropsAlphabetically": false,
                    "sortTagsAlphabetically": false,
                    "theme": Object {
                      "breakpoints": Object {
                        "large": "105rem",
                        "medium": "85rem",
                        "small": "50rem",
                      },
                      "codeBlock": Object {
                        "backgroundColor": "#e6e6e6",
                      },
                      "colors": Object {
                        "border": Object {
                          "dark": "rgba(0,0,0, 0.1)",
                          "light": "#ffffff",
                        },
                        "error": Object {
                          "contrastText": "#fff",
                          "dark": "#590e0a",
                          "light": "#f4a5a1",
                          "main": "#E2231A",
                        },
                        "gray": Object {
                          "100": "#9E9EA2",
                          "50": "#DFDFDF",
                        },
                        "http": Object {
                          "basic": "#999",
                          "delete": "#FCE2DE",
                          "get": "#D9E7FF",
                          "head": "#d4ace3",
                          "link": "#a9dbd9",
                          "options": "#e8e5ac",
                          "patch": "#fcc59a",
                          "post": "#D1F5BF",
                          "put": "#F7ECB2",
                        },
                        "primary": Object {
                          "contrastText": "#fff",
                          "dark": "#000",
                          "light": "#838585",
                          "main": "#373838",
                        },
                        "responses": Object {
                          "error": Object {
                            "backgroundColor": "rgba(226,35,26,0.07)",
                            "color": "#E2231A",
                          },
                          "info": Object {
                            "backgroundColor": "rgba(135,206,235,0.1)",
                            "color": "#87ceeb",
                          },
                          "redirect": Object {
                            "backgroundColor": "rgba(255,204,0,0.1)",
                            "color": "#FFCC00",
                          },
                          "success": Object {
                            "backgroundColor": "rgba(69,153,31,0.07)",
                            "color": "#45991F",
                          },
                        },
                        "success": Object {
                          "contrastText": "#000",
                          "dark": "#0c1a05",
                          "light": "#f2fcee",
                          "main": "#45991F",
                        },
                        "text": Object {
                          "primary": "#626469",
                          "secondary": "#707070",
                        },
                        "tonalOffset": 0.3,
                        "warning": Object {
                          "contrastText": "#ffffff",
                          "dark": "#665200",
                          "light": "#ffeb99",
                          "main": "#FFCC00",
                        },
                      },
                      "extensionsHook": undefined,
                      "logo": Object {
                        "gutter": "2px",
                        "maxHeight": "280px",
                        "maxWidth": "280px",
                      },
                      "rightPanel": Object {
                        "backgroundColor": "#FFFFFF",
                        "border": "#FFFFFF",
                        "textColor": "#373838",
                        "width": "43.75%",
                      },
                      "schema": Object {
                        "arrow": Object {
                          "color": "#707070",
                          "size": "1.1em",
                        },
                        "defaultDetailsWidth": "75%",
                        "labelsTextSize": "0.9em",
                        "linesColor": "#707070",
                        "nestedBackground": "#fafafa",
                        "nestingSpacing": "1em",
                        "requireLabelColor": "#326CD1",
                        "requireLabelTextSize": "14px",
                        "typeNameColor": "#707070",
                        "typeTitleColor": "#707070",
                      },
                      "sidebar": Object {
                        "activeBackgroundColor": "#ececec",
                        "activeTextColor": "#4e4e4e",
                        "arrow": Object {
                          "color": "#757575",
                          "size": "1.5em",
                        },
                        "backgroundColor": "#f7f7f7",
                        "groupItems": Object {
                          "textTransform": "uppercase",
                        },
                        "level1Items": Object {
                          "textTransform": "none",
                        },
                        "textColor": "#757575",
                        "width": "280px",
                      },
                      "spacing": Object {
                        "sectionHorizontal": 24,
                        "sectionVertical": 12,
                        "unit": 3,
                      },
                      "typography": Object {
                        "code": Object {
                          "backgroundColor": "#F2F2F2",
                          "color": "#373838",
                          "fontFamily": "Inter",
                          "fontSize": "13px",
                          "fontWeight": "400",
                          "lineHeight": "1.5em",
                          "wrap": true,
                        },
                        "fontFamily": "Inter",
                        "fontSize": "14px",
                        "fontWeightBold": "600",
                        "fontWeightLight": "300",
                        "fontWeightRegular": "400",
                        "headings": Object {
                          "fontFamily": "Roboto",
                          "fontWeight": "400",
                          "lineHeight": "1.6em",
                        },
                        "lineHeight": "1.5em",
                        "links": Object {
                          "color": "#373838",
                          "hover": "#6a6b6b",
                          "visited": "#373838",
                        },
                        "optimizeSpeed": true,
                        "smoothing": "antialiased",
                      },
                    },
                    "unstable_ignoreMimeParameters": false,
                    "untrustedSpec": false,
                  },
                  "pattern": undefined,
                  "pointer": "#/components/schemas/Cat/properties/packSize",
                  "rawSchema": Object {
                    "default": undefined,
                    "type": "number",
                  },
                  "readOnly": false,
                  "schema": Object {
                    "default": undefined,
                    "type": "number",
                  },
                  "title": "",
                  "type": "number",
                  "typePrefix": "",
                  "writeOnly": false,
                },
              },
            ],
            "format": undefined,
            "isCircular": undefined,
            "isPrimitive": false,
            "maxItems": undefined,
            "minItems": undefined,
            "options": RedocNormalizedOptions {
              "allowedMdComponents": Object {},
              "disableSearch": false,
              "enumSkipQuotes": false,
              "expandDefaultServerVariables": false,
              "expandResponses": Object {},
              "expandSingleSchemaField": false,
              "generatedPayloadSamplesMaxDepth": 10,
              "hideDownloadButton": false,
              "hideHostname": false,
              "hideSchemaPattern": false,
              "hideSchemaTitles": false,
              "hideSingleRequestSampleTab": false,
              "ignoreNamedSchemas": Set {},
              "jsonSampleExpandLevel": 2,
              "maxDisplayedEnumValues": undefined,
              "menuToggle": true,
              "nativeScrollbars": false,
              "noAutoAuth": false,
              "onlyRequiredInSamples": false,
              "pathInMiddlePanel": false,
              "payloadSampleIdx": 0,
              "requiredPropsFirst": false,
              "schemaExpansionLevel": 0,
              "scrollYOffset": [Function],
              "showExtensions": false,
              "showObjectSchemaExamples": false,
              "sideNavStyle": "summary-only",
              "simpleOneOfTypeLabel": false,
              "sortEnumValuesAlphabetically": false,
              "sortOperationsAlphabetically": false,
              "sortPropsAlphabetically": false,
              "sortTagsAlphabetically": false,
              "theme": Object {
                "breakpoints": Object {
                  "large": "105rem",
                  "medium": "85rem",
                  "small": "50rem",
                },
                "codeBlock": Object {
                  "backgroundColor": "#e6e6e6",
                },
                "colors": Object {
                  "border": Object {
                    "dark": "rgba(0,0,0, 0.1)",
                    "light": "#ffffff",
                  },
                  "error": Object {
                    "contrastText": "#fff",
                    "dark": "#590e0a",
                    "light": "#f4a5a1",
                    "main": "#E2231A",
                  },
                  "gray": Object {
                    "100": "#9E9EA2",
                    "50": "#DFDFDF",
                  },
                  "http": Object {
                    "basic": "#999",
                    "delete": "#FCE2DE",
                    "get": "#D9E7FF",
                    "head": "#d4ace3",
                    "link": "#a9dbd9",
                    "options": "#e8e5ac",
                    "patch": "#fcc59a",
                    "post": "#D1F5BF",
                    "put": "#F7ECB2",
                  },
                  "primary": Object {
                    "contrastText": "#fff",
                    "dark": "#000",
                    "light": "#838585",
                    "main": "#373838",
                  },
                  "responses": Object {
                    "error": Object {
                      "backgroundColor": "rgba(226,35,26,0.07)",
                      "color": "#E2231A",
                    },
                    "info": Object {
                      "backgroundColor": "rgba(135,206,235,0.1)",
                      "color": "#87ceeb",
                    },
                    "redirect": Object {
                      "backgroundColor": "rgba(255,204,0,0.1)",
                      "color": "#FFCC00",
                    },
                    "success": Object {
                      "backgroundColor": "rgba(69,153,31,0.07)",
                      "color": "#45991F",
                    },
                  },
                  "success": Object {
                    "contrastText": "#000",
                    "dark": "#0c1a05",
                    "light": "#f2fcee",
                    "main": "#45991F",
                  },
                  "text": Object {
                    "primary": "#626469",
                    "secondary": "#707070",
                  },
                  "tonalOffset": 0.3,
                  "warning": Object {
                    "contrastText": "#ffffff",
                    "dark": "#665200",
                    "light": "#ffeb99",
                    "main": "#FFCC00",
                  },
                },
                "extensionsHook": undefined,
                "logo": Object {
                  "gutter": "2px",
                  "maxHeight": "280px",
                  "maxWidth": "280px",
                },
                "rightPanel": Object {
                  "backgroundColor": "#FFFFFF",
                  "border": "#FFFFFF",
                  "textColor": "#373838",
                  "width": "43.75%",
                },
                "schema": Object {
                  "arrow": Object {
                    "color": "#707070",
                    "size": "1.1em",
                  },
                  "defaultDetailsWidth": "75%",
                  "labelsTextSize": "0.9em",
                  "linesColor": "#707070",
                  "nestedBackground": "#fafafa",
                  "nestingSpacing": "1em",
                  "requireLabelColor": "#326CD1",
                  "requireLabelTextSize": "14px",
                  "typeNameColor": "#707070",
                  "typeTitleColor": "#707070",
                },
                "sidebar": Object {
                  "activeBackgroundColor": "#ececec",
                  "activeTextColor": "#4e4e4e",
                  "arrow": Object {
                    "color": "#757575",
                    "size": "1.5em",
                  },
                  "backgroundColor": "#f7f7f7",
                  "groupItems": Object {
                    "textTransform": "uppercase",
                  },
                  "level1Items": Object {
                    "textTransform": "none",
                  },
                  "textColor": "#757575",
                  "width": "280px",
                },
                "spacing": Object {
                  "sectionHorizontal": 24,
                  "sectionVertical": 12,
                  "unit": 3,
                },
                "typography": Object {
                  "code": Object {
                    "backgroundColor": "#F2F2F2",
                    "color": "#373838",
                    "fontFamily": "Inter",
                    "fontSize": "13px",
                    "fontWeight": "400",
                    "lineHeight": "1.5em",
                    "wrap": true,
                  },
                  "fontFamily": "Inter",
                  "fontSize": "14px",
                  "fontWeightBold": "600",
                  "fontWeightLight": "300",
                  "fontWeightRegular": "400",
                  "headings": Object {
                    "fontFamily": "Roboto",
                    "fontWeight": "400",
                    "lineHeight": "1.6em",
                  },
                  "lineHeight": "1.5em",
                  "links": Object {
                    "color": "#373838",
                    "hover": "#6a6b6b",
                    "visited": "#373838",
                  },
                  "optimizeSpeed": true,
                  "smoothing": "antialiased",
                },
              },
              "unstable_ignoreMimeParameters": false,
              "untrustedSpec": false,
            },
            "pattern": undefined,
            "pointer": "#/components/schemas/Cat",
            "rawSchema": Object {
              "allOf": Array [
                Object {
                  "$ref": "#/components/schemas/Pet",
                },
                Object {
                  "properties": Object {
                    "packSize": Object {
                      "type": "number",
                    },
                  },
                },
              ],
              "type": "object",
            },
            "readOnly": false,
            "schema": Object {
              "allOf": undefined,
              "discriminator": Object {
                "propertyName": "type",
              },
              "parentRefs": Array [
                "#/components/schemas/Pet",
              ],
              "properties": Object {
                "packSize": Object {
                  "type": "number",
                },
                "type": Object {
                  "type": "string",
                },
              },
              "required": Array [
                "type",
              ],
              "title": "Cat",
              "type": "object",
            },
            "title": "Cat",
            "type": "object",
            "typePrefix": "",
            "writeOnly": false,
          },
        ],
        "options": RedocNormalizedOptions {
          "allowedMdComponents": Object {},
          "disableSearch": false,
          "enumSkipQuotes": false,
          "expandDefaultServerVariables": false,
          "expandResponses": Object {},
          "expandSingleSchemaField": false,
          "generatedPayloadSamplesMaxDepth": 10,
          "hideDownloadButton": false,
          "hideHostname": false,
          "hideSchemaPattern": false,
          "hideSchemaTitles": false,
          "hideSingleRequestSampleTab": false,
          "ignoreNamedSchemas": Set {},
          "jsonSampleExpandLevel": 2,
          "maxDisplayedEnumValues": undefined,
          "menuToggle": true,
          "nativeScrollbars": false,
          "noAutoAuth": false,
          "onlyRequiredInSamples": false,
          "pathInMiddlePanel": false,
          "payloadSampleIdx": 0,
          "requiredPropsFirst": false,
          "schemaExpansionLevel": 0,
          "scrollYOffset": [Function],
          "showExtensions": false,
          "showObjectSchemaExamples": false,
          "sideNavStyle": "summary-only",
          "simpleOneOfTypeLabel": false,
          "sortEnumValuesAlphabetically": false,
          "sortOperationsAlphabetically": false,
          "sortPropsAlphabetically": false,
          "sortTagsAlphabetically": false,
          "theme": Object {
            "breakpoints": Object {
              "large": "105rem",
              "medium": "85rem",
              "small": "50rem",
            },
            "codeBlock": Object {
              "backgroundColor": "#e6e6e6",
            },
            "colors": Object {
              "border": Object {
                "dark": "rgba(0,0,0, 0.1)",
                "light": "#ffffff",
              },
              "error": Object {
                "contrastText": "#fff",
                "dark": "#590e0a",
                "light": "#f4a5a1",
                "main": "#E2231A",
              },
              "gray": Object {
                "100": "#9E9EA2",
                "50": "#DFDFDF",
              },
              "http": Object {
                "basic": "#999",
                "delete": "#FCE2DE",
                "get": "#D9E7FF",
                "head": "#d4ace3",
                "link": "#a9dbd9",
                "options": "#e8e5ac",
                "patch": "#fcc59a",
                "post": "#D1F5BF",
                "put": "#F7ECB2",
              },
              "primary": Object {
                "contrastText": "#fff",
                "dark": "#000",
                "light": "#838585",
                "main": "#373838",
              },
              "responses": Object {
                "error": Object {
                  "backgroundColor": "rgba(226,35,26,0.07)",
                  "color": "#E2231A",
                },
                "info": Object {
                  "backgroundColor": "rgba(135,206,235,0.1)",
                  "color": "#87ceeb",
                },
                "redirect": Object {
                  "backgroundColor": "rgba(255,204,0,0.1)",
                  "color": "#FFCC00",
                },
                "success": Object {
                  "backgroundColor": "rgba(69,153,31,0.07)",
                  "color": "#45991F",
                },
              },
              "success": Object {
                "contrastText": "#000",
                "dark": "#0c1a05",
                "light": "#f2fcee",
                "main": "#45991F",
              },
              "text": Object {
                "primary": "#626469",
                "secondary": "#707070",
              },
              "tonalOffset": 0.3,
              "warning": Object {
                "contrastText": "#ffffff",
                "dark": "#665200",
                "light": "#ffeb99",
                "main": "#FFCC00",
              },
            },
            "extensionsHook": undefined,
            "logo": Object {
              "gutter": "2px",
              "maxHeight": "280px",
              "maxWidth": "280px",
            },
            "rightPanel": Object {
              "backgroundColor": "#FFFFFF",
              "border": "#FFFFFF",
              "textColor": "#373838",
              "width": "43.75%",
            },
            "schema": Object {
              "arrow": Object {
                "color": "#707070",
                "size": "1.1em",
              },
              "defaultDetailsWidth": "75%",
              "labelsTextSize": "0.9em",
              "linesColor": "#707070",
              "nestedBackground": "#fafafa",
              "nestingSpacing": "1em",
              "requireLabelColor": "#326CD1",
              "requireLabelTextSize": "14px",
              "typeNameColor": "#707070",
              "typeTitleColor": "#707070",
            },
            "sidebar": Object {
              "activeBackgroundColor": "#ececec",
              "activeTextColor": "#4e4e4e",
              "arrow": Object {
                "color": "#757575",
                "size": "1.5em",
              },
              "backgroundColor": "#f7f7f7",
              "groupItems": Object {
                "textTransform": "uppercase",
              },
              "level1Items": Object {
                "textTransform": "none",
              },
              "textColor": "#757575",
              "width": "280px",
            },
            "spacing": Object {
              "sectionHorizontal": 24,
              "sectionVertical": 12,
              "unit": 3,
            },
            "typography": Object {
              "code": Object {
                "backgroundColor": "#F2F2F2",
                "color": "#373838",
                "fontFamily": "Inter",
                "fontSize": "13px",
                "fontWeight": "400",
                "lineHeight": "1.5em",
                "wrap": true,
              },
              "fontFamily": "Inter",
              "fontSize": "14px",
              "fontWeightBold": "600",
              "fontWeightLight": "300",
              "fontWeightRegular": "400",
              "headings": Object {
                "fontFamily": "Roboto",
                "fontWeight": "400",
                "lineHeight": "1.6em",
              },
              "lineHeight": "1.5em",
              "links": Object {
                "color": "#373838",
                "hover": "#6a6b6b",
                "visited": "#373838",
              },
              "optimizeSpeed": true,
              "smoothing": "antialiased",
            },
          },
          "unstable_ignoreMimeParameters": false,
          "untrustedSpec": false,
        },
        "pattern": undefined,
        "pointer": "#/components/schemas/Pet",
        "rawSchema": Object {
          "discriminator": Object {
            "propertyName": "type",
          },
          "properties": Object {
            "type": Object {
              "type": "string",
            },
          },
          "required": Array [
            "type",
          ],
          "type": "object",
        },
        "readOnly": false,
        "schema": Object {
          "discriminator": Object {
            "propertyName": "type",
          },
          "properties": Object {
            "type": Object {
              "type": "string",
            },
          },
          "required": Array [
            "type",
          ],
          "type": "object",
        },
        "title": "Pet",
        "type": "object",
        "typePrefix": "",
        "writeOnly": false,
      },
    }
  }
  level={1}
  schema={
    SchemaModel {
      "activeOneOf": 0,
      "const": "",
      "constraints": Array [],
      "contentEncoding": undefined,
      "contentMediaType": undefined,
      "default": undefined,
      "deprecated": false,
      "description": "",
      "displayFormat": undefined,
      "displayType": "object",
      "enum": Array [],
      "example": undefined,
      "externalDocs": undefined,
      "fields": Array [
        FieldModel {
          "const": "",
          "deprecated": false,
          "description": "",
          "example": undefined,
          "expanded": undefined,
          "explode": false,
          "in": undefined,
          "kind": "field",
          "name": "packSize",
          "required": false,
          "schema": SchemaModel {
            "activeOneOf": 0,
            "const": "",
            "constraints": Array [],
            "contentEncoding": undefined,
            "contentMediaType": undefined,
            "default": undefined,
            "deprecated": false,
            "description": "",
            "displayFormat": undefined,
            "displayType": "number",
            "enum": Array [],
            "example": undefined,
            "externalDocs": undefined,
            "format": undefined,
            "isCircular": undefined,
            "isPrimitive": true,
            "maxItems": undefined,
            "minItems": undefined,
            "options": RedocNormalizedOptions {
              "allowedMdComponents": Object {},
              "disableSearch": false,
              "enumSkipQuotes": false,
              "expandDefaultServerVariables": false,
              "expandResponses": Object {},
              "expandSingleSchemaField": false,
              "generatedPayloadSamplesMaxDepth": 10,
              "hideDownloadButton": false,
              "hideHostname": false,
              "hideSchemaPattern": false,
              "hideSchemaTitles": false,
              "hideSingleRequestSampleTab": false,
              "ignoreNamedSchemas": Set {},
              "jsonSampleExpandLevel": 2,
              "maxDisplayedEnumValues": undefined,
              "menuToggle": true,
              "nativeScrollbars": false,
              "noAutoAuth": false,
              "onlyRequiredInSamples": false,
              "pathInMiddlePanel": false,
              "payloadSampleIdx": 0,
              "requiredPropsFirst": false,
              "schemaExpansionLevel": 0,
              "scrollYOffset": [Function],
              "showExtensions": false,
              "showObjectSchemaExamples": false,
              "sideNavStyle": "summary-only",
              "simpleOneOfTypeLabel": false,
              "sortEnumValuesAlphabetically": false,
              "sortOperationsAlphabetically": false,
              "sortPropsAlphabetically": false,
              "sortTagsAlphabetically": false,
              "theme": Object {
                "breakpoints": Object {
                  "large": "105rem",
                  "medium": "85rem",
                  "small": "50rem",
                },
                "codeBlock": Object {
                  "backgroundColor": "#e6e6e6",
                },
                "colors": Object {
                  "border": Object {
                    "dark": "rgba(0,0,0, 0.1)",
                    "light": "#ffffff",
                  },
                  "error": Object {
                    "contrastText": "#fff",
                    "dark": "#590e0a",
                    "light": "#f4a5a1",
                    "main": "#E2231A",
                  },
                  "gray": Object {
                    "100": "#9E9EA2",
                    "50": "#DFDFDF",
                  },
                  "http": Object {
                    "basic": "#999",
                    "delete": "#FCE2DE",
                    "get": "#D9E7FF",
                    "head": "#d4ace3",
                    "link": "#a9dbd9",
                    "options": "#e8e5ac",
                    "patch": "#fcc59a",
                    "post": "#D1F5BF",
                    "put": "#F7ECB2",
                  },
                  "primary": Object {
                    "contrastText": "#fff",
                    "dark": "#000",
                    "light": "#838585",
                    "main": "#373838",
                  },
                  "responses": Object {
                    "error": Object {
                      "backgroundColor": "rgba(226,35,26,0.07)",
                      "color": "#E2231A",
                    },
                    "info": Object {
                      "backgroundColor": "rgba(135,206,235,0.1)",
                      "color": "#87ceeb",
                    },
                    "redirect": Object {
                      "backgroundColor": "rgba(255,204,0,0.1)",
                      "color": "#FFCC00",
                    },
                    "success": Object {
                      "backgroundColor": "rgba(69,153,31,0.07)",
                      "color": "#45991F",
                    },
                  },
                  "success": Object {
                    "contrastText": "#000",
                    "dark": "#0c1a05",
                    "light": "#f2fcee",
                    "main": "#45991F",
                  },
                  "text": Object {
                    "primary": "#626469",
                    "secondary": "#707070",
                  },
                  "tonalOffset": 0.3,
                  "warning": Object {
                    "contrastText": "#ffffff",
                    "dark": "#665200",
                    "light": "#ffeb99",
                    "main": "#FFCC00",
                  },
                },
                "extensionsHook": undefined,
                "logo": Object {
                  "gutter": "2px",
                  "maxHeight": "280px",
                  "maxWidth": "280px",
                },
                "rightPanel": Object {
                  "backgroundColor": "#FFFFFF",
                  "border": "#FFFFFF",
                  "textColor": "#373838",
                  "width": "43.75%",
                },
                "schema": Object {
                  "arrow": Object {
                    "color": "#707070",
                    "size": "1.1em",
                  },
                  "defaultDetailsWidth": "75%",
                  "labelsTextSize": "0.9em",
                  "linesColor": "#707070",
                  "nestedBackground": "#fafafa",
                  "nestingSpacing": "1em",
                  "requireLabelColor": "#326CD1",
                  "requireLabelTextSize": "14px",
                  "typeNameColor": "#707070",
                  "typeTitleColor": "#707070",
                },
                "sidebar": Object {
                  "activeBackgroundColor": "#ececec",
                  "activeTextColor": "#4e4e4e",
                  "arrow": Object {
                    "color": "#757575",
                    "size": "1.5em",
                  },
                  "backgroundColor": "#f7f7f7",
                  "groupItems": Object {
                    "textTransform": "uppercase",
                  },
                  "level1Items": Object {
                    "textTransform": "none",
                  },
                  "textColor": "#757575",
                  "width": "280px",
                },
                "spacing": Object {
                  "sectionHorizontal": 24,
                  "sectionVertical": 12,
                  "unit": 3,
                },
                "typography": Object {
                  "code": Object {
                    "backgroundColor": "#F2F2F2",
                    "color": "#373838",
                    "fontFamily": "Inter",
                    "fontSize": "13px",
                    "fontWeight": "400",
                    "lineHeight": "1.5em",
                    "wrap": true,
                  },
                  "fontFamily": "Inter",
                  "fontSize": "14px",
                  "fontWeightBold": "600",
                  "fontWeightLight": "300",
                  "fontWeightRegular": "400",
                  "headings": Object {
                    "fontFamily": "Roboto",
                    "fontWeight": "400",
                    "lineHeight": "1.6em",
                  },
                  "lineHeight": "1.5em",
                  "links": Object {
                    "color": "#373838",
                    "hover": "#6a6b6b",
                    "visited": "#373838",
                  },
                  "optimizeSpeed": true,
                  "smoothing": "antialiased",
                },
              },
              "unstable_ignoreMimeParameters": false,
              "untrustedSpec": false,
            },
            "pattern": undefined,
            "pointer": "#/components/schemas/Dog/properties/packSize",
            "rawSchema": Object {
              "default": undefined,
              "type": "number",
            },
            "readOnly": false,
            "schema": Object {
              "default": undefined,
              "type": "number",
            },
            "title": "",
            "type": "number",
            "typePrefix": "",
            "writeOnly": false,
          },
        },
        FieldModel {
          "const": "",
          "deprecated": false,
          "description": "",
          "example": undefined,
          "expanded": undefined,
          "explode": false,
          "in": undefined,
          "kind": "field",
          "name": "type",
          "required": true,
          "schema": SchemaModel {
            "activeOneOf": 0,
            "const": "",
            "constraints": Array [],
            "contentEncoding": undefined,
            "contentMediaType": undefined,
            "default": undefined,
            "deprecated": false,
            "description": "",
            "displayFormat": undefined,
            "displayType": "string",
            "enum": Array [],
            "example": undefined,
            "externalDocs": undefined,
            "format": undefined,
            "isCircular": undefined,
            "isPrimitive": true,
            "maxItems": undefined,
            "minItems": undefined,
            "options": RedocNormalizedOptions {
              "allowedMdComponents": Object {},
              "disableSearch": false,
              "enumSkipQuotes": false,
              "expandDefaultServerVariables": false,
              "expandResponses": Object {},
              "expandSingleSchemaField": false,
              "generatedPayloadSamplesMaxDepth": 10,
              "hideDownloadButton": false,
              "hideHostname": false,
              "hideSchemaPattern": false,
              "hideSchemaTitles": false,
              "hideSingleRequestSampleTab": false,
              "ignoreNamedSchemas": Set {},
              "jsonSampleExpandLevel": 2,
              "maxDisplayedEnumValues": undefined,
              "menuToggle": true,
              "nativeScrollbars": false,
              "noAutoAuth": false,
              "onlyRequiredInSamples": false,
              "pathInMiddlePanel": false,
              "payloadSampleIdx": 0,
              "requiredPropsFirst": false,
              "schemaExpansionLevel": 0,
              "scrollYOffset": [Function],
              "showExtensions": false,
              "showObjectSchemaExamples": false,
              "sideNavStyle": "summary-only",
              "simpleOneOfTypeLabel": false,
              "sortEnumValuesAlphabetically": false,
              "sortOperationsAlphabetically": false,
              "sortPropsAlphabetically": false,
              "sortTagsAlphabetically": false,
              "theme": Object {
                "breakpoints": Object {
                  "large": "105rem",
                  "medium": "85rem",
                  "small": "50rem",
                },
                "codeBlock": Object {
                  "backgroundColor": "#e6e6e6",
                },
                "colors": Object {
                  "border": Object {
                    "dark": "rgba(0,0,0, 0.1)",
                    "light": "#ffffff",
                  },
                  "error": Object {
                    "contrastText": "#fff",
                    "dark": "#590e0a",
                    "light": "#f4a5a1",
                    "main": "#E2231A",
                  },
                  "gray": Object {
                    "100": "#9E9EA2",
                    "50": "#DFDFDF",
                  },
                  "http": Object {
                    "basic": "#999",
                    "delete": "#FCE2DE",
                    "get": "#D9E7FF",
                    "head": "#d4ace3",
                    "link": "#a9dbd9",
                    "options": "#e8e5ac",
                    "patch": "#fcc59a",
                    "post": "#D1F5BF",
                    "put": "#F7ECB2",
                  },
                  "primary": Object {
                    "contrastText": "#fff",
                    "dark": "#000",
                    "light": "#838585",
                    "main": "#373838",
                  },
                  "responses": Object {
                    "error": Object {
                      "backgroundColor": "rgba(226,35,26,0.07)",
                      "color": "#E2231A",
                    },
                    "info": Object {
                      "backgroundColor": "rgba(135,206,235,0.1)",
                      "color": "#87ceeb",
                    },
                    "redirect": Object {
                      "backgroundColor": "rgba(255,204,0,0.1)",
                      "color": "#FFCC00",
                    },
                    "success": Object {
                      "backgroundColor": "rgba(69,153,31,0.07)",
                      "color": "#45991F",
                    },
                  },
                  "success": Object {
                    "contrastText": "#000",
                    "dark": "#0c1a05",
                    "light": "#f2fcee",
                    "main": "#45991F",
                  },
                  "text": Object {
                    "primary": "#626469",
                    "secondary": "#707070",
                  },
                  "tonalOffset": 0.3,
                  "warning": Object {
                    "contrastText": "#ffffff",
                    "dark": "#665200",
                    "light": "#ffeb99",
                    "main": "#FFCC00",
                  },
                },
                "extensionsHook": undefined,
                "logo": Object {
                  "gutter": "2px",
                  "maxHeight": "280px",
                  "maxWidth": "280px",
                },
                "rightPanel": Object {
                  "backgroundColor": "#FFFFFF",
                  "border": "#FFFFFF",
                  "textColor": "#373838",
                  "width": "43.75%",
                },
                "schema": Object {
                  "arrow": Object {
                    "color": "#707070",
                    "size": "1.1em",
                  },
                  "defaultDetailsWidth": "75%",
                  "labelsTextSize": "0.9em",
                  "linesColor": "#707070",
                  "nestedBackground": "#fafafa",
                  "nestingSpacing": "1em",
                  "requireLabelColor": "#326CD1",
                  "requireLabelTextSize": "14px",
                  "typeNameColor": "#707070",
                  "typeTitleColor": "#707070",
                },
                "sidebar": Object {
                  "activeBackgroundColor": "#ececec",
                  "activeTextColor": "#4e4e4e",
                  "arrow": Object {
                    "color": "#757575",
                    "size": "1.5em",
                  },
                  "backgroundColor": "#f7f7f7",
                  "groupItems": Object {
                    "textTransform": "uppercase",
                  },
                  "level1Items": Object {
                    "textTransform": "none",
                  },
                  "textColor": "#757575",
                  "width": "280px",
                },
                "spacing": Object {
                  "sectionHorizontal": 24,
                  "sectionVertical": 12,
                  "unit": 3,
                },
                "typography": Object {
                  "code": Object {
                    "backgroundColor": "#F2F2F2",
                    "color": "#373838",
                    "fontFamily": "Inter",
                    "fontSize": "13px",
                    "fontWeight": "400",
                    "lineHeight": "1.5em",
                    "wrap": true,
                  },
                  "fontFamily": "Inter",
                  "fontSize": "14px",
                  "fontWeightBold": "600",
                  "fontWeightLight": "300",
                  "fontWeightRegular": "400",
                  "headings": Object {
                    "fontFamily": "Roboto",
                    "fontWeight": "400",
                    "lineHeight": "1.6em",
                  },
                  "lineHeight": "1.5em",
                  "links": Object {
                    "color": "#373838",
                    "hover": "#6a6b6b",
                    "visited": "#373838",
                  },
                  "optimizeSpeed": true,
                  "smoothing": "antialiased",
                },
              },
              "unstable_ignoreMimeParameters": false,
              "untrustedSpec": false,
            },
            "pattern": undefined,
            "pointer": "#/components/schemas/Dog/properties/type",
            "rawSchema": Object {
              "default": undefined,
              "type": "string",
            },
            "readOnly": false,
            "schema": Object {
              "default": undefined,
              "type": "string",
            },
            "title": "",
            "type": "string",
            "typePrefix": "",
            "writeOnly": false,
          },
        },
      ],
      "format": undefined,
      "isCircular": undefined,
      "isPrimitive": false,
      "maxItems": undefined,
      "minItems": undefined,
      "options": RedocNormalizedOptions {
        "allowedMdComponents": Object {},
        "disableSearch": false,
        "enumSkipQuotes": false,
        "expandDefaultServerVariables": false,
        "expandResponses": Object {},
        "expandSingleSchemaField": false,
        "generatedPayloadSamplesMaxDepth": 10,
        "hideDownloadButton": false,
        "hideHostname": false,
        "hideSchemaPattern": false,
        "hideSchemaTitles": false,
        "hideSingleRequestSampleTab": false,
        "ignoreNamedSchemas": Set {},
        "jsonSampleExpandLevel": 2,
        "maxDisplayedEnumValues": undefined,
        "menuToggle": true,
        "nativeScrollbars": false,
        "noAutoAuth": false,
        "onlyRequiredInSamples": false,
        "pathInMiddlePanel": false,
        "payloadSampleIdx": 0,
        "requiredPropsFirst": false,
        "schemaExpansionLevel": 0,
        "scrollYOffset": [Function],
        "showExtensions": false,
        "showObjectSchemaExamples": false,
        "sideNavStyle": "summary-only",
        "simpleOneOfTypeLabel": false,
        "sortEnumValuesAlphabetically": false,
        "sortOperationsAlphabetically": false,
        "sortPropsAlphabetically": false,
        "sortTagsAlphabetically": false,
        "theme": Object {
          "breakpoints": Object {
            "large": "105rem",
            "medium": "85rem",
            "small": "50rem",
          },
          "codeBlock": Object {
            "backgroundColor": "#e6e6e6",
          },
          "colors": Object {
            "border": Object {
              "dark": "rgba(0,0,0, 0.1)",
              "light": "#ffffff",
            },
            "error": Object {
              "contrastText": "#fff",
              "dark": "#590e0a",
              "light": "#f4a5a1",
              "main": "#E2231A",
            },
            "gray": Object {
              "100": "#9E9EA2",
              "50": "#DFDFDF",
            },
            "http": Object {
              "basic": "#999",
              "delete": "#FCE2DE",
              "get": "#D9E7FF",
              "head": "#d4ace3",
              "link": "#a9dbd9",
              "options": "#e8e5ac",
              "patch": "#fcc59a",
              "post": "#D1F5BF",
              "put": "#F7ECB2",
            },
            "primary": Object {
              "contrastText": "#fff",
              "dark": "#000",
              "light": "#838585",
              "main": "#373838",
            },
            "responses": Object {
              "error": Object {
                "backgroundColor": "rgba(226,35,26,0.07)",
                "color": "#E2231A",
              },
              "info": Object {
                "backgroundColor": "rgba(135,206,235,0.1)",
                "color": "#87ceeb",
              },
              "redirect": Object {
                "backgroundColor": "rgba(255,204,0,0.1)",
                "color": "#FFCC00",
              },
              "success": Object {
                "backgroundColor": "rgba(69,153,31,0.07)",
                "color": "#45991F",
              },
            },
            "success": Object {
              "contrastText": "#000",
              "dark": "#0c1a05",
              "light": "#f2fcee",
              "main": "#45991F",
            },
            "text": Object {
              "primary": "#626469",
              "secondary": "#707070",
            },
            "tonalOffset": 0.3,
            "warning": Object {
              "contrastText": "#ffffff",
              "dark": "#665200",
              "light": "#ffeb99",
              "main": "#FFCC00",
            },
          },
          "extensionsHook": undefined,
          "logo": Object {
            "gutter": "2px",
            "maxHeight": "280px",
            "maxWidth": "280px",
          },
          "rightPanel": Object {
            "backgroundColor": "#FFFFFF",
            "border": "#FFFFFF",
            "textColor": "#373838",
            "width": "43.75%",
          },
          "schema": Object {
            "arrow": Object {
              "color": "#707070",
              "size": "1.1em",
            },
            "defaultDetailsWidth": "75%",
            "labelsTextSize": "0.9em",
            "linesColor": "#707070",
            "nestedBackground": "#fafafa",
            "nestingSpacing": "1em",
            "requireLabelColor": "#326CD1",
            "requireLabelTextSize": "14px",
            "typeNameColor": "#707070",
            "typeTitleColor": "#707070",
          },
          "sidebar": Object {
            "activeBackgroundColor": "#ececec",
            "activeTextColor": "#4e4e4e",
            "arrow": Object {
              "color": "#757575",
              "size": "1.5em",
            },
            "backgroundColor": "#f7f7f7",
            "groupItems": Object {
              "textTransform": "uppercase",
            },
            "level1Items": Object {
              "textTransform": "none",
            },
            "textColor": "#757575",
            "width": "280px",
          },
          "spacing": Object {
            "sectionHorizontal": 24,
            "sectionVertical": 12,
            "unit": 3,
          },
          "typography": Object {
            "code": Object {
              "backgroundColor": "#F2F2F2",
              "color": "#373838",
              "fontFamily": "Inter",
              "fontSize": "13px",
              "fontWeight": "400",
              "lineHeight": "1.5em",
              "wrap": true,
            },
            "fontFamily": "Inter",
            "fontSize": "14px",
            "fontWeightBold": "600",
            "fontWeightLight": "300",
            "fontWeightRegular": "400",
            "headings": Object {
              "fontFamily": "Roboto",
              "fontWeight": "400",
              "lineHeight": "1.6em",
            },
            "lineHeight": "1.5em",
            "links": Object {
              "color": "#373838",
              "hover": "#6a6b6b",
              "visited": "#373838",
            },
            "optimizeSpeed": true,
            "smoothing": "antialiased",
          },
        },
        "unstable_ignoreMimeParameters": false,
        "untrustedSpec": false,
      },
      "pattern": undefined,
      "pointer": "#/components/schemas/Dog",
      "rawSchema": Object {
        "allOf": Array [
          Object {
            "$ref": "#/components/schemas/Pet",
          },
        ],
        "properties": Object {
          "packSize": Object {
            "type": "number",
          },
        },
        "type": "object",
      },
      "readOnly": false,
      "schema": Object {
        "allOf": undefined,
        "discriminator": Object {
          "propertyName": "type",
        },
        "parentRefs": Array [
          "#/components/schemas/Pet",
        ],
        "properties": Object {
          "packSize": Object {
            "type": "number",
          },
          "type": Object {
            "type": "string",
          },
        },
        "required": Array [
          "type",
        ],
        "title": "Dog",
        "type": "object",
      },
      "title": "Dog",
      "type": "object",
      "typePrefix": "",
      "writeOnly": false,
    }
  }
/>
`;

exports[`Components SchemaView discriminator should correctly render discriminator dropdown 1`] = `
<styled.table>
  <tbody>
    <Field
      expandByDefault={false}
      field={
        FieldModel {
          "const": "",
          "deprecated": false,
          "description": "",
          "example": undefined,
          "expanded": undefined,
          "explode": false,
          "in": undefined,
          "kind": "field",
          "name": "packSize",
          "required": false,
          "schema": SchemaModel {
            "activeOneOf": 0,
            "const": "",
            "constraints": Array [],
            "contentEncoding": undefined,
            "contentMediaType": undefined,
            "default": undefined,
            "deprecated": false,
            "description": "",
            "displayFormat": undefined,
            "displayType": "number",
            "enum": Array [],
            "example": undefined,
            "externalDocs": undefined,
            "format": undefined,
            "isCircular": undefined,
            "isPrimitive": true,
            "maxItems": undefined,
            "minItems": undefined,
            "options": "<<<filtered>>>",
            "pattern": undefined,
            "pointer": "#/components/schemas/Dog/properties/packSize",
            "rawSchema": Object {
              "default": undefined,
              "type": "number",
            },
            "readOnly": false,
            "schema": Object {
              "default": undefined,
              "type": "number",
            },
            "title": "",
            "type": "number",
            "typePrefix": "",
            "writeOnly": false,
          },
        }
      }
      isLast={false}
      key="packSize"
      showExamples={false}
    />
    <Field
      expandByDefault={false}
      field={
        FieldModel {
          "const": "",
          "deprecated": false,
          "description": "",
          "example": undefined,
          "expanded": undefined,
          "explode": false,
          "in": undefined,
          "kind": "field",
          "name": "type",
          "required": true,
          "schema": SchemaModel {
            "activeOneOf": 0,
            "const": "",
            "constraints": Array [],
            "contentEncoding": undefined,
            "contentMediaType": undefined,
            "default": undefined,
            "deprecated": false,
            "description": "",
            "displayFormat": undefined,
            "displayType": "string",
            "enum": Array [],
            "example": undefined,
            "externalDocs": undefined,
            "format": undefined,
            "isCircular": undefined,
            "isPrimitive": true,
            "maxItems": undefined,
            "minItems": undefined,
            "options": "<<<filtered>>>",
            "pattern": undefined,
            "pointer": "#/components/schemas/Dog/properties/type",
            "rawSchema": Object {
              "default": undefined,
              "type": "string",
            },
            "readOnly": false,
            "schema": Object {
              "default": undefined,
              "type": "string",
            },
            "title": "",
            "type": "string",
            "typePrefix": "",
            "writeOnly": false,
          },
        }
      }
      isLast={true}
      key="type"
      renderDiscriminatorSwitch={[Function]}
      showExamples={false}
    />
  </tbody>
</styled.table>
`;
