// Jest Snapshot v1, https://goo.gl/fbAQLP

exports[`Components SchemaView OneOf deprecated should match snapshot 1`] = `
<div>
  <span
    class="sc-gFqAkR kuMzrK"
  >
     One of 
  </span>
  <div
    class="sc-fPXMVe itTKpk"
  >
    <button
      class="sc-ikkxIA kuVwkF"
    >
      string
    </button>
    <button
      class="sc-ikkxIA cEqWki"
    >
      integer
    </button>
  </div>
  <div>
    <span
      class="sc-kpDqfm cliRNV"
      type="warning"
    >
      Deprecated
    </span>
  </div>
  <div>
    <div>
      <div>
        <span
          class="sc-hknOHE sc-uVWWZ lgOCmT kSEYXZ"
        />
        <span
          class="sc-hknOHE sc-hCPjZK lgOCmT gRpOTr"
        >
          string
        </span>
      </div>
       
      <div>
        <div
          class="sc-fHjqPf sc-kOHTFB izoHQx imYYjj"
        />
      </div>
    </div>
  </div>
</div>
`;
